// Jest Snapshot v1, https://goo.gl/fbAQLP

exports[`AddExpensePage renders component 1`] = `
<div>
  <div
    className="page-header"
  >
    <div
      className="app-container"
    >
      Add Expense
    </div>
  </div>
  <div
    className="app-container"
  >
    <ExpenseForm
      onSubmit={[Function]}
    />
  </div>
</div>
`;
