// Jest Snapshot v1, https://goo.gl/fbAQLP

exports[`EditExpensePage renders Component with data 1`] = `
<div>
  <div
    className="page-header"
  >
    <div
      className="app-container"
    >
      Edit Expense
    </div>
  </div>
  <ExpenseForm
    editedExpense={
      Object {
        "amount": 200,
        "createdAt": 0,
        "description": "testDesc",
        "note": "testNote",
      }
    }
    onSubmit={[Function]}
  />
  <button
    className="expense-form__remove-button"
    onClick={[Function]}
  >
    Remove
  </button>
</div>
`;
