// Jest Snapshot v1, https://goo.gl/fbAQLP

exports[`Header renders 1`] = `
<header
  className="app-header"
>
  <div
    className="app-container app-header__container"
  >
    <Link
      exact="true"
      replace={false}
      to="/dashboard"
    >
      <h1
        className="app-header__title"
      >
        Expense Tracker
      </h1>
    </Link>
    <button
      className="app-header__logout"
    >
      Log out
    </button>
  </div>
</header>
`;
